// Jest Snapshot v1, https://goo.gl/fbAQLP

exports[`App snapshot renders the loading screen 1`] = `null`;

exports[`App snapshot renders the root without loading screen 1`] = `
<View
  style={
    Object {
      "flex": 1,
    }
  }
>
  <View
    onLayout={[Function]}
    style={
      Object {
        "flex": 1,
      }
    }
  >
    <View
      enabled={false}
      hitSlop={
        Object {
          "bottom": 135,
        }
      }
      maxDeltaX={15}
      minOffsetY={5}
      onGestureEvent={[Function]}
      onHandlerStateChange={[Function]}
    >
      <View
        style={
          Object {
            "backgroundColor": "#eee",
            "flex": 1,
            "flexDirection": "column-reverse",
            "overflow": "hidden",
          }
        }
      >
        <View
          style={
            Object {
              "flex": 1,
            }
          }
        >
          <View
            pointerEvents="auto"
            style={
              Object {
                "bottom": 0,
                "left": 0,
                "opacity": 1,
                "position": "absolute",
                "right": 0,
                "top": 0,
                "transform": Array [
                  Object {
                    "translateX": 0,
                  },
                  Object {
                    "translateY": 0,
                  },
                ],
              }
            }
          >
            <View
              accessibilityElementsHidden={false}
              style={
                Object {
                  "backgroundColor": "#fff",
                  "flex": 1,
                }
              }
            />
          </View>
        </View>
      </View>
    </View>
  </View>
  <Modal
    animationType="fade"
    hardwareAccelerated={false}
    onRequestClose={[Function]}
    transparent={true}
    visible={false}
  >
    <View
      accessible={true}
      isTVSelectable={true}
      onResponderGrant={[Function]}
      onResponderMove={[Function]}
      onResponderRelease={[Function]}
      onResponderTerminate={[Function]}
      onResponderTerminationRequest={[Function]}
      onStartShouldSetResponder={[Function]}
      style={
        Object {
          "backgroundColor": "rgba(0,0,0,0.4)",
          "flex": 1,
          "justifyContent": "flex-end",
          "opacity": 1,
        }
      }
    >
      <View
        accessible={true}
        isTVSelectable={true}
        onResponderGrant={[Function]}
        onResponderMove={[Function]}
        onResponderRelease={[Function]}
        onResponderTerminate={[Function]}
        onResponderTerminationRequest={[Function]}
        onStartShouldSetResponder={[Function]}
        style={
          Object {
            "backgroundColor": "#fff",
            "elevation": 4,
            "height": 0,
            "maxHeight": 667,
            "minHeight": 56,
            "opacity": 1,
            "padding": 15,
          }
        }
      />
    </View>
  </Modal>
</View>
`;
